<?php return array (
  0 => 'Symfony\\Bundle\\FrameworkBundle\\Controller\\Controller',
  1 => 'AdvancedObjectSearchBundle\\Controller\\AdminController',
  2 => 'CustomerManagementFrameworkBundle\\Controller\\Admin',
  3 => 'CustomerManagementFrameworkBundle\\Controller\\Admin\\ActivitiesController',
  4 => 'CustomerManagementFrameworkBundle\\Controller\\Admin\\CustomersController',
  5 => 'CustomerManagementFrameworkBundle\\Controller\\Admin\\DuplicatesController',
  6 => 'CustomerManagementFrameworkBundle\\Controller\\Admin\\HelperController',
  7 => 'CustomerManagementFrameworkBundle\\Controller\\Admin\\RulesController',
  8 => 'CustomerManagementFrameworkBundle\\Controller\\Admin\\SegmentAssignmentController',
  9 => 'CustomerManagementFrameworkBundle\\Controller\\Admin\\TemplatesController',
  10 => 'CustomerManagementFrameworkBundle\\Controller\\Preview\\ObjectPreviewController',
  11 => 'CustomerManagementFrameworkBundle\\Controller\\Report\\TermSegmentBuilderController',
  12 => 'CustomerManagementFrameworkBundle\\Controller\\Rest\\Api\\ActivitiesController',
  13 => 'CustomerManagementFrameworkBundle\\Controller\\Rest\\Api\\CustomersController',
  14 => 'CustomerManagementFrameworkBundle\\Controller\\Rest\\Api\\DeletionsController',
  15 => 'CustomerManagementFrameworkBundle\\Controller\\Rest\\Api\\SegmentGroupsController',
  16 => 'CustomerManagementFrameworkBundle\\Controller\\Rest\\Api\\SegmentsController',
  17 => 'CustomerManagementFrameworkBundle\\Controller\\Rest\\Api\\SegmentsOfCustomersController',
  18 => 'CustomerManagementFrameworkBundle\\Controller\\Rest\\CrudHandlerController',
  19 => 'CustomerManagementFrameworkBundle\\Controller\\Rest\\Mailchimp\\WebhookController',
  20 => 'CustomerManagementFrameworkBundle\\Controller\\Rest\\Newsletter\\AdminController',
  21 => 'CustomerManagementFrameworkBundle\\Controller\\Rest\\RestHandlerController',
  22 => 'Debril\\RssAtomBundle\\Controller\\StreamController',
  23 => 'Doctrine\\Bundle\\DoctrineBundle\\Controller\\ProfilerController',
  24 => 'Endroid\\QrCode\\Bundle\\QrCodeBundle\\Controller\\QrCodeController',
  25 => 'HWI\\Bundle\\OAuthBundle\\Controller\\ConnectController',
  26 => 'OutputDataConfigToolkitBundle\\Controller\\AdminController',
  27 => 'OutputDataConfigToolkitBundle\\Controller\\RestController',
  28 => 'Pimcore\\Bundle\\AdminBundle\\Controller\\AdminController',
  29 => 'Pimcore\\Bundle\\AdminBundle\\Controller\\AdminControllerInterface',
  30 => 'Pimcore\\Bundle\\AdminBundle\\Controller\\Admin\\AssetController',
  31 => 'Pimcore\\Bundle\\AdminBundle\\Controller\\Admin\\ClassController',
  32 => 'Pimcore\\Bundle\\AdminBundle\\Controller\\Admin\\ClassificationstoreController',
  33 => 'Pimcore\\Bundle\\AdminBundle\\Controller\\Admin\\DataObjectController',
  34 => 'Pimcore\\Bundle\\AdminBundle\\Controller\\Admin\\DataObjectHelperController',
  35 => 'Pimcore\\Bundle\\AdminBundle\\Controller\\Admin\\DocumentController',
  36 => 'Pimcore\\Bundle\\AdminBundle\\Controller\\Admin\\DocumentControllerBase',
  37 => 'Pimcore\\Bundle\\AdminBundle\\Controller\\Admin\\DocumentTag\\RenderletController',
  38 => 'Pimcore\\Bundle\\AdminBundle\\Controller\\Admin\\ElementController',
  39 => 'Pimcore\\Bundle\\AdminBundle\\Controller\\Admin\\ElementControllerBase',
  40 => 'Pimcore\\Bundle\\AdminBundle\\Controller\\Admin\\EmailController',
  41 => 'Pimcore\\Bundle\\AdminBundle\\Controller\\Admin\\External\\AdminerController',
  42 => 'Pimcore\\Bundle\\AdminBundle\\Controller\\Admin\\External\\LinfoController',
  43 => 'Pimcore\\Bundle\\AdminBundle\\Controller\\Admin\\External\\OpcacheController',
  44 => 'Pimcore\\Bundle\\AdminBundle\\Controller\\Admin\\FolderController',
  45 => 'Pimcore\\Bundle\\AdminBundle\\Controller\\Admin\\HardlinkController',
  46 => 'Pimcore\\Bundle\\AdminBundle\\Controller\\Admin\\IndexController',
  47 => 'Pimcore\\Bundle\\AdminBundle\\Controller\\Admin\\InstallController',
  48 => 'Pimcore\\Bundle\\AdminBundle\\Controller\\Admin\\LinkController',
  49 => 'Pimcore\\Bundle\\AdminBundle\\Controller\\Admin\\LogController',
  50 => 'Pimcore\\Bundle\\AdminBundle\\Controller\\Admin\\LoginController',
  51 => 'Pimcore\\Bundle\\AdminBundle\\Controller\\Admin\\MiscController',
  52 => 'Pimcore\\Bundle\\AdminBundle\\Controller\\Admin\\NewsletterController',
  53 => 'Pimcore\\Bundle\\AdminBundle\\Controller\\Admin\\PageController',
  54 => 'Pimcore\\Bundle\\AdminBundle\\Controller\\Admin\\PortalController',
  55 => 'Pimcore\\Bundle\\AdminBundle\\Controller\\Admin\\PrintcontainerController',
  56 => 'Pimcore\\Bundle\\AdminBundle\\Controller\\Admin\\PrintpageController',
  57 => 'Pimcore\\Bundle\\AdminBundle\\Controller\\Admin\\PrintpageControllerBase',
  58 => 'Pimcore\\Bundle\\AdminBundle\\Controller\\Admin\\QuantityValueController',
  59 => 'Pimcore\\Bundle\\AdminBundle\\Controller\\Admin\\RecyclebinController',
  60 => 'Pimcore\\Bundle\\AdminBundle\\Controller\\Admin\\SettingsController',
  61 => 'Pimcore\\Bundle\\AdminBundle\\Controller\\Admin\\SnippetController',
  62 => 'Pimcore\\Bundle\\AdminBundle\\Controller\\Admin\\TagsController',
  63 => 'Pimcore\\Bundle\\AdminBundle\\Controller\\Admin\\TranslationController',
  64 => 'Pimcore\\Bundle\\AdminBundle\\Controller\\Admin\\UserController',
  65 => 'Pimcore\\Bundle\\AdminBundle\\Controller\\Admin\\VariantsController',
  66 => 'Pimcore\\Bundle\\AdminBundle\\Controller\\Admin\\WorkflowController',
  67 => 'Pimcore\\Bundle\\AdminBundle\\Controller\\BruteforceProtectedControllerInterface',
  68 => 'Pimcore\\Bundle\\AdminBundle\\Controller\\DoubleAuthenticationControllerInterface',
  69 => 'Pimcore\\Bundle\\AdminBundle\\Controller\\ExtensionManager\\ExtensionManagerController',
  70 => 'Pimcore\\Bundle\\AdminBundle\\Controller\\Reports\\AnalyticsController',
  71 => 'Pimcore\\Bundle\\AdminBundle\\Controller\\Reports\\CustomReportController',
  72 => 'Pimcore\\Bundle\\AdminBundle\\Controller\\Reports\\PiwikController',
  73 => 'Pimcore\\Bundle\\AdminBundle\\Controller\\Reports\\QrcodeController',
  74 => 'Pimcore\\Bundle\\AdminBundle\\Controller\\Reports\\ReportsControllerBase',
  75 => 'Pimcore\\Bundle\\AdminBundle\\Controller\\Reports\\SettingsController',
  76 => 'Pimcore\\Bundle\\AdminBundle\\Controller\\Reports\\TargetingController',
  77 => 'Pimcore\\Bundle\\AdminBundle\\Controller\\Rest\\AbstractRestController',
  78 => 'Pimcore\\Bundle\\AdminBundle\\Controller\\Rest\\ClassController',
  79 => 'Pimcore\\Bundle\\AdminBundle\\Controller\\Rest\\Element\\AbstractElementController',
  80 => 'Pimcore\\Bundle\\AdminBundle\\Controller\\Rest\\Element\\AssetController',
  81 => 'Pimcore\\Bundle\\AdminBundle\\Controller\\Rest\\Element\\DataObjectController',
  82 => 'Pimcore\\Bundle\\AdminBundle\\Controller\\Rest\\Element\\DocumentController',
  83 => 'Pimcore\\Bundle\\AdminBundle\\Controller\\Rest\\Element\\TagController',
  84 => 'Pimcore\\Bundle\\AdminBundle\\Controller\\Rest\\ImageController',
  85 => 'Pimcore\\Bundle\\AdminBundle\\Controller\\Rest\\InfoController',
  86 => 'Pimcore\\Bundle\\AdminBundle\\Controller\\Searchadmin\\SearchController',
  87 => 'Pimcore\\Bundle\\AdminBundle\\Controller\\Update\\IndexController',
  88 => 'Pimcore\\Bundle\\CoreBundle\\Controller\\PublicServicesController',
  89 => 'Pimcore\\Bundle\\EcommerceFrameworkBundle\\Controller\\AdminOrderController',
  90 => 'Pimcore\\Bundle\\EcommerceFrameworkBundle\\Controller\\ConfigController',
  91 => 'Pimcore\\Bundle\\EcommerceFrameworkBundle\\Controller\\FindologicController',
  92 => 'Pimcore\\Bundle\\EcommerceFrameworkBundle\\Controller\\IndexController',
  93 => 'Pimcore\\Bundle\\EcommerceFrameworkBundle\\Controller\\PricingController',
  94 => 'Pimcore\\Bundle\\EcommerceFrameworkBundle\\Controller\\VoucherController',
  95 => 'Pimcore\\Bundle\\ObjectMergerBundle\\Controller\\AdminController',
  96 => 'Pimcore\\Controller\\ArgumentValueResolver\\DocumentValueResolver',
  97 => 'Pimcore\\Controller\\ArgumentValueResolver\\EditmodeValueResolver',
  98 => 'Pimcore\\Controller\\ArgumentValueResolver\\TemplateVarsValueResolver',
  99 => 'Pimcore\\Controller\\ArgumentValueResolver\\ViewModelValueResolver',
  100 => 'Pimcore\\Controller\\ArgumentValueResolver\\WebsiteConfigValueResolver',
  101 => 'Pimcore\\Controller\\Config\\ConfigNormalizer',
  102 => 'Pimcore\\Controller\\Config\\ControllerDataProvider',
  103 => 'Pimcore\\Controller\\Configuration\\ResponseHeader',
  104 => 'Pimcore\\Controller\\Configuration\\TemplatePhp',
  105 => 'Pimcore\\Controller\\Controller',
  106 => 'Pimcore\\Controller\\EventedControllerInterface',
  107 => 'Pimcore\\Controller\\FrontendController',
  108 => 'Pimcore\\Controller\\TemplateControllerInterface',
  109 => 'Pimcore\\Controller\\Traits\\TemplateControllerTrait',
  110 => 'Pimcore\\Install\\Controller\\InstallController',
  111 => 'Symfony\\Bundle\\FrameworkBundle\\Controller\\AbstractController',
  113 => 'Symfony\\Bundle\\FrameworkBundle\\Controller\\ControllerNameParser',
  114 => 'Symfony\\Bundle\\FrameworkBundle\\Controller\\ControllerResolver',
  115 => 'Symfony\\Bundle\\FrameworkBundle\\Controller\\ControllerTrait',
  116 => 'Symfony\\Bundle\\FrameworkBundle\\Controller\\RedirectController',
  117 => 'Symfony\\Bundle\\FrameworkBundle\\Controller\\TemplateController',
  118 => 'Symfony\\Bundle\\TwigBundle\\Controller\\ExceptionController',
  119 => 'Symfony\\Bundle\\TwigBundle\\Controller\\PreviewErrorController',
  120 => 'Symfony\\Bundle\\WebProfilerBundle\\Controller\\ExceptionController',
  121 => 'Symfony\\Bundle\\WebProfilerBundle\\Controller\\ProfilerController',
  122 => 'Symfony\\Bundle\\WebProfilerBundle\\Controller\\RouterController',
  123 => 'Symfony\\Cmf\\Bundle\\RoutingBundle\\Controller\\RedirectController',
  124 => 'Symfony\\Component\\HttpKernel\\Controller\\ArgumentResolver',
  125 => 'Symfony\\Component\\HttpKernel\\Controller\\ArgumentResolverInterface',
  126 => 'Symfony\\Component\\HttpKernel\\Controller\\ArgumentResolver\\DefaultValueResolver',
  127 => 'Symfony\\Component\\HttpKernel\\Controller\\ArgumentResolver\\RequestAttributeValueResolver',
  128 => 'Symfony\\Component\\HttpKernel\\Controller\\ArgumentResolver\\RequestValueResolver',
  129 => 'Symfony\\Component\\HttpKernel\\Controller\\ArgumentResolver\\ServiceValueResolver',
  130 => 'Symfony\\Component\\HttpKernel\\Controller\\ArgumentResolver\\SessionValueResolver',
  131 => 'Symfony\\Component\\HttpKernel\\Controller\\ArgumentResolver\\VariadicValueResolver',
  132 => 'Symfony\\Component\\HttpKernel\\Controller\\ArgumentValueResolverInterface',
  133 => 'Symfony\\Component\\HttpKernel\\Controller\\ContainerControllerResolver',
  134 => 'Symfony\\Component\\HttpKernel\\Controller\\ControllerReference',
  135 => 'Symfony\\Component\\HttpKernel\\Controller\\ControllerResolver',
  136 => 'Symfony\\Component\\HttpKernel\\Controller\\ControllerResolverInterface',
  137 => 'Symfony\\Component\\HttpKernel\\Controller\\TraceableArgumentResolver',
  138 => 'Symfony\\Component\\HttpKernel\\Controller\\TraceableControllerResolver',
  139 => 'Web2PrintToolsBundle\\Controller\\AdminController',
);